n 5.4.020160609 (Ubuntu 5.4.06ubuntu1~6.044)) #0-Ubutu SMP Fri Jan 6 17:47:47 UTC 2017 (Ubuntu 4.4.0-59.80-generc 4.4.35
[    000000] Command line: BOOT_IMAGE=/boot/vmlinuz-4.4.0-59-generic root=LABEL=cloudimg-rootfs ro csole=tty1 console=ttyS0
[    0.000000] KERNEL supported cpus:
[    0.000000]   Intel enuineIntel
[    0.000000]   AMD AuthenticAMD
[    0.000000]   Centaur CentaurHauls
[    0.00000] x86/fpu: xstte_offset[2]:  576, xsat_sizes[2]:  256
[    0.000000] x86/fpu: Supporting XSAVE feature 0x01: 'x87 floating point registers'
[    0.000000] x86/fpu: Supporting XSAVE feature 0x02: 'SSE registers'
[    0.000000] x86/fpu: Supporting XSAVE feature 0x04: 'AVX registers'
[    0.000000] x86/fpu: Enabled xstate features 0x7, context size is 832 bytes, using 'standard' format.
[    0.000000] x86/fpu: Using 'lazy' FPU context switches.
[    0.000000] e820: BIOS-provided physical RAM map:
[    0.000000] BIOS-e820: [mem 0x0000000000000000-0x000000000009fbff] usable
[    0.000000] BIOS-e820: [mem 0x000000000009fc00-0x000000000009ffff] reserved
[    0.000000] BIOS-e820: [mem 0x00000000000f0000-0x00000000000fffff] reserved
[    0.000000] BIOS-e820: [mem 0x0000000000100000-0x000000003ffeffff] usable
[    0.000000] BIOS-e820: [mem 0x000000003fff0000-0x000000003fffffff] ACPI data
[    0.000000] BIOS-e820: [mem 0x00000000fec00000-0x0000000fc00fff] reserved
   0.000000] BIOS-e820: [mem 0x00000000fee00000-0x00000000fee00fff] reserved
[   .0000000] BIOS-e820: [mem 0x00000000fffc0000-0x00000000ffffffff] reserved
[    0.000000] NX (Execute Disable protection: active
[    0.000000] SMBIOS 2.5 present.
[    0.000000] Hypervisor deteted:VM
[    0.000000] e820: last_pfn = 0x3fff0 max_arch_pfn = 0x400000000
[    0.000000] MTRR: Disabled
[    0.000000] x86/PAT: MTRRs disabled, skipping PAT initialization too.
[    0.000000] x86/PAT: Configuration [0-7]: WB  WT  C- UC  WB  T  UC- UC  
[    0.000000] CPU MTRRs all blank - virtualized system.
[    0.000000] found SMP MP-table at [mem 0x0009fff0-0x0009ffff] mapped at [ffff88000009fff0]
[    0.000000] Scanning 1 areas for low memory corruption
[    0.000000] RAMDISK: [mem 0x36b78000-0x375b3fff]
[    0.000000] ACPI: Early table checksum verification disabled
[    0.000000] ACPI: RSDP 0x00000000000E0000 000024 (v02 VBOX  )
[    0.000000] ACPI: XSDT 0x0000003FFF0030 00003C (v01 VBOX   VBOXXSDT 00000001 ASL  00000061)
[    0.000000] ACPI: FACP 0x000000003FFF00F0 0000F4 (v04 VBOX   VBOXFACP 00000001 ASL  00000061)
[    0.00000]CPI: DSDT 0x00000003FFF0470 00210F (v01 VBOX   VBOXBIOS 00000002 INTL 20100528)
[    0.000000] ACPI: FACS 0x000000003FFF0200 000040
[    0.000000] ACPI: FACS 0x000000003FFF0200 000040
[    0.000000] ACPI: APIC 0x000000003FFF0240 00005C (v02 VBOX   VBOXAPIC 00000001 ASL  00000061)
[    0.000000] ACPI: SSDT 0x000000003FFF02A0 0001CC (v01 VBOX  VBOXCPUT 00000002 INTL 20100528)
[    0.000000] No NUMA configuration found
[    0.000000] Faking a node at [mem 0x0000000000000000-0x000000003ffeffff]
[    .000000] NODE_DATA(0) allocated [mem 0x3ffeb000-0x3ffeffff]
[    0.000000] kvm-clock: Using msrs 4b64d01 and 4b564d00
[    0.000000] kvm-clock: cpu 0, msr 0:3ffe3001, primary cpu clock
[    0.000000] kvm-clock: sing sched offset of 3729350747 cycles
[    0.000000] clocksouce: kvm-cloc: mask: 0xffffffffffffffff max_cycles: 0x1cd42e4dffb, ma_idle_ns: 88159091483 ns
[    0.000000] ne ranges:
[    0.000000]   DMA      [mem 0x0000000000001000-0x0000000000fffff]
[    0.000000]   DMA32    [mem 0x0000000001000000-0x000000003ffeffff]
[    0.000000]   Normal   empty
[    0.000000]   Device   empty
[    0.000000] Movable zone start for each node
[    0.000000] Early memory node ranges
[    0.000000]   node   0: [mem 0x000000000001000-0x000000000009efff]
[    0.000000]   node   0: [em x0000000000100000-0x000000003ffeffff]
[    0.000000] Initmem setup node 0 [mem 0x000000000000000-0x000000003ffeffff]
[    0.000000] ACPI: PM-Timer IO Port: 0x4008
[    0.000000] IOAPIC[0]: apic_id 2, version 32, adess 0xfec0000, GSI 0-23
[    0.000000] ACPI INT_SR_OR (bus 0 bus_irq 0 global_irq 2 dfl dfl)
[    0.000000] ACPI: INT_SRC_OVR (bus 0 bus_irq 9 global_irq 9 high level)
[    0.0000] Uin ACPI MAT) for SMP configuraton infomation
[    0.000000] smpboot: Allowing 2 CPUs, 0 hotplug CPUs
[    0.000000] M:Registred nosave memory: [mem 0x00000000-0x00000fff]
[    0.000000] PM: Registered nosave memory: [mm 0x009f00-0x0009ffff]
[    0.000000] PM: Registered nosave memoy: [me 0000a000-x000efff]
    0.000000] PM: Registered nosave memory: [mem 0x00f00000x00ffff]
[    0.000000] e820: [mem 0x40000000-0xfebfffff] available for PCI devices
[    0.000000] Booting paravirtualized kernel on KVM
[    0.000000] clocksource: refined-jiffies: mask: 0xffffffff max_cycles0xffffff, max_le_n: 645596021156ns
[    0.000000] setup_percpu: NR_CPUS:512 nr_cpumak_bits:512 nr_cpu_ids:2 nr_node_ids:1
[    0.000000] PERCPU: Embedded 33 pages/cpu @ffff88003fc00000 s98264 r8192 d28712 u1048576
[    0.000000] PV qspinlock hash table entries: 256 (order: 0, 4096 bytes)
[    0.000000] Built 1 zonelists in Node order, mobility grouping on.  Total paes: 25791
[    0.000000] Policy zone: DMA32
[    0.000000] Kernel command line: BOOT_IMAGE=/boot/vmlinuz-4.4.0-59-generic root=LABEL=cloudimg-rootfs ro console=tty1 console=ttyS0
[    0.000000] PID hash table entrie: 4096 (order: 3, 32768 bytes)
[    0.000000] Memory: 1002100K/1048120K available (8436K kernel code,1291K rwdata, 3960K rodata, 1488K init, 1316K bss, 46020K reserved, 0K cma-reserved)
[   0.000000] SLUB: HWalign=64, Order=0-3, MinObjects=0, CPUs=2, Nodes=1
[    0.000000] Hierarchical R implementaon.[    000000] 	Buil-tme ajutment of leaf fanout to 64.
[   00000] 	RCU esricting Us frm R_CPS=12 to nr_cpu_ids=2.
[    0.000000 RU: Adjusting geometry for cufanout_ea=64, nr_cpu_ids=2
[    0.00000]NR_IRQS:33024 nr_irqs:440 16
[    0.000000] onsole: colour VA+ 80x25
[   .000000] console [tty1] enabled
[    0.000000] console [ttyS0] enabled
[  0.000000] tsc: Detected 1899.999 MHz processor
[    4.735013] Calibrating delay loop (skipped) preset value.. 3799.99 BogoMIPS (lpj=7599996)
[    4.756719] pid_max: default: 32768 minimum: 301
[    4.767819] ACPI: Core revision 20150930
[    4.797835] ACPI: 2 ACPI AML tables successfully acquired and loaded
[    4.827649] Security Framework initialized
[    4.861793] Yama: becoming mindful.
[    4.863266] AppArmor: AppArmor initialized
[    4.867642] Dentry cache hash table entries: 131072 (order: 8, 1048576 bytes)
[    4.890151] Inode-cache hash table entries: 65536 (order: 7, 524288 bytes)
[    4.906516] Mount-cache hash table entries: 2048 (order: 2, 16384 bytes)
[    4.925517] Mountpoint-cache hash table entries: 2048 (order: 2, 16384 bytes)
[    4.940268] Initializing cgroup subsys io
[    4.941514] Initializing cgroup subsys memory
[    4.943006] Initializing cgroup subsys devices
[    4.944488] Initializing cgroup subsys freezer
[    4.945841] Initializing cgroup subsys net_cls
[    4.955200] Initializing cgroup subsys perf_event
[    4.965561] Initializing cgroup subsys net_prio
[    4.983648] Initializing cgroup subsys hugetlb
[    4.988201] Initializing cgroup subsys pids
[    4.991353] CPU: Physical Processor ID: 0
[    4.992603] CPU: Processor Core ID: 0
[    4.997020] mce: CPU supports 0 MCE banks
[    5.007439] Last level iTLB entries: 4KB 1024, 2MB 1024, 4MB 1024
[    5.018321] Last level dTLB entries: 4KB 1024, 2MB 1024, 4MB 1024, 1GB 4
[    5.049044] Freeing SMP alternatives memory: 32K (ffffffff820b8000 - ffffffff820c0000)
[    5.085194] ftrace: allocating 32064 entries in 126 pages
[    5.153101] smpboot: APIC(0) Converting physical 0 to logical package 0
[    5.176104] smpboot: Max logical packages: 1
[    5.179672] x2apic enabled
[    5.186438] Switched APIC routing to physical x2apic.
[    5.194926] ..TIMER: vector=0x30 apic1=0 pin1=2 apic2=-1 pin2=-1
[    5.302774] smpboot: CPU0: Intel(R) Core(TM) i5-4250U CPU @ 1.30GHz (family: 0x6, model: 0x45, stepping: 0x1)
[    5.337735] Performance Events: unsupported p6 CPU model 69 no PMU driver, software events only.
[    5.360339] KVM setup paravirtual spinlock
[    5.373491] x86: Booting SMP configuration:
[    5.383746] .... node  #0, CPUs:      #1
[    5.385326] kvm-clock: cpu 1, msr 0:3ffe3041, secondary cpu clock
[    5.420290] mce: CPU supports 0 MCE banks
[    5.428325] x86: Booted up 1 node, 2 CPUs
[    5.430039] smpboot: Total of 2 processors activated (7599.99 BogoMIPS)
[    5.432434] devtmpfs: initialized
[    5.477567] evm: security.selinux
[    5.485389] evm: security.SMACK64
[    5.487051] evm: security.SMACK64EXEC
[    5.494978] evm: security.SMACK64TRANSMUTE
[    5.496433] evm: security.SMACK64MMAP
[    5.497856] evm: security.ima
[    5.498852] evm: security.capability
[    5.500866] clocksource: jiffies: mask: 0xffffffff max_cycles: 0xffffffff, max_idle_ns: 7645041785100000 ns
[    5.506596] pinctrl core: initialized pinctrl subsystem
[    5.511810] RTC time:  8:25:46, date: 01/15/17
[    5.515140] NET: Registered protocol family 16
[    5.549471] cpuidle: using governor ladder
[    5.597517] cpuidle: using governor menu
[    5.617642] PCCT header not found.
[    5.618966] ACPI: bus type PCI registered
[    5.629527] acpiphp: ACPI Hot Plug PCI Controller Driver version: 0.5
[    5.631283] PCI: Using configuration type 1 for base access
[    5.646628] ACPI: Added _OSI(Module Device)
[    5.658066] ACPI: Added _OSI(Processor Device)
[    5.668738] ACPI: Added _OSI(3.0 _SCP Extensions)
[    5.676528] ACPI: Added _OSI(Processor Aggregator Device)
[    5.687105] ACPI: Executed 1 blocks of module-level executable AML code
[    5.713836] ACPI: Interpreter enabled
[    5.729744] ACPI: (supports S0 S5)
[    5.733621] ACPI: Using IOAPIC for interrupt routing
[    5.768173] PCI: Using host bridge windows from ACPI; if necessary, use "pci=nocrs" and report a bug
[    5.793795] ACPI: PCI Root Bridge [PCI0] (domain 0000 [bus 00-ff])
[    5.841368] acpi PNP0A03:00: _OSC: OS supports [ASPM ClockPM Segments MSI]
[    5.847941] acpi PNP0A03:00: _OSC failed (AE_NOT_FOUND); disabling ASPM
[    5.852424] acpi PNP0A03:00: fail to add MMCONFIG information, can't access extended PCI configuration space under this bridge.
[    5.879937] PCI host bridge to bus 0000:00
[    5.890872] pci_bus 0000:00: root bus resource [io  0x0000-0x0cf7 window]
[    5.892718] pci_bus 0000:00: root bus resource [io  0x0d00-0xffff window]
[    5.894855] pci_bus 0000:00: root bus resource [mem 0x000a0000-0x000bffff window]
[    5.905444] pci_bus 0000:00: root bus resource [mem 0x40000000-0xffdfffff window]
[    5.916379] pci_bus 0000:00: root bus resource [bus 00-ff]
[    5.936146] pci 0000:00:01.1: legacy IDE quirk: reg 0x10: [io  0x01f0-0x01f7]
[    5.965776] pci 0000:00:01.1: legacy IDE quirk: reg 0x14: [io  0x03f6]
[    5.994304] pci 0000:00:01.1: legacy IDE quirk: reg 0x18: [io  0x0170-0x0177]
[    6.017468] pci 0000:00:01.1: legacy IDE quirk: reg 0x1c: [io  0x0376]
[    6.065557] pci 0000:00:07.0: quirk: [io  0x4000-0x403f] claimed by PIIX4 ACPI
[    6.092298] pci 0000:00:07.0: quirk: [io  0x4100-0x410f] claimed by PIIX4 SMB
[    6.148360] ACPI: PCI Interrupt Link [LNKA] (IRQs 5 9 10 *11)
[    6.162088] ACPI: PCI Interrupt Link [LNKB] (IRQs 5 9 10 *11)
[    6.182869] ACPI: PCI Interrupt Link [LNKC] (IRQs 5 9 *10 11)
[    6.194076] ACPI: PCI Interrupt Link [LNKD] (IRQs 5 *9 10 11)
[    6.211343] ACPI: Enabled 2 GPEs in block 00 to 07
[    6.220119] vgaarb: setting as boot device: PCI:0000:00:02.0
[    6.222232] vgaarb: device added: PCI:0000:00:02.0,decodes=io+mem,owns=io+mem,locks=none
[    6.225758] vgaarb: loaded
[    6.226711] vgaarb: bridge control possible 0000:00:02.0
[    6.228900] SCSI subsystem initialized
[    6.235220] ACPI: bus type USB registered
[    6.236662] usbcore: registered new interface driver usbfs
[    6.261027] usbcore: registered new interface driver hub
[    6.282382] usbcore: registered new device driver usb
[    6.286244] PCI: Using ACPI for IRQ routing
[    6.289156] NetLabel: Initializing
[    6.290276] NetLabel:  domain hash size = 128
[    6.297455] NetLabel:  protocols = UNLABELED CIPSOv4
[    6.315016] NetLabel:  unlabeled traffic allowed by default
[    6.325390] amd_nb: Cannot enumerate AMD northbridges
[    6.336826] clocksource: Switched to clocksource kvm-clock
[   6.361726] AppArmor: AppArmor Filesystem Enabled
[    6.395535] pnp: PnP ACPI iit
[   6.427016] pn: PnP ACPI: found 3 devices

[   6.499492] cloksrce: acpi_pm: mask: 0xffffff max_cycles: 0xffffff, max_idle_ns: 2085701024 ns
[    6.633811] NET: Registered protocol fmiy 

[    6.731509] TCP estblished hash table entries: 8192(oder: 4, 65536 bytes)
[    6.860074] TCP bind hash table entries: 8192 (order: 5, 1307 btes)
[    6.951236] TCP: Hash tbls configured (estabished 8192 bind 8192)[    7.122520] UDP hash table enris: 51 (order: 2, 16384 bytes
[   7.328123] UDP-Lite hash ble entries: 512 (order: 2, 16384 ytes)
[   .4055] NT:Registered protocol family 1
[    7.640961] pci 0000:00:00.0: Limitngdiec PI/PCI transfers
[    7.803817] pci 0000:00:01.0: Activating ISA DMA hang workarounds
[   7.80765 Tyig o unpack rootfs image as initramfs...

[   10.667978] Freeing initrd memory: 10480K (ffff880036b78000 - ffff8800375b4000)
[   10.683702] RAPL PMU detected, API unit is 2^-32 Joules, 4 fixed counters 10737418240 ms ovfl timer
[   10.719346] hw unit of domain pp0-core 2^-0 Joules
[   10.734226] hw unit of domain package 2^-0 Joules
[   10.743459] hw unit of domain dram 2^-0 Joules
[   10.755324] hw unit of domain pp1-gpu 2^-0 Joules
[   10.781767] platform rtc_cmos: registered platform RTC device (no PNP device found)
[   10.789948] Scanning for low memory corruption every 60 seconds
[   10.795481] futex hash table entries: 512 (order: 3, 32768 bytes)
[   10.832656] audit: initializing netlink subsys (disabled)
[   10.834229] audit: type=2000 audit(1484468750.938:1): initialized
[   10.926349] Initialise system trusted keyring
[   10.935665] HugeTLB registered 2 MB page size, pre-allocated 0 pages
[   10.948183] zbud: loaded
[   10.949526] VFS: Disk quotas dquot_6.6.0
[   11.007203] VFS: Dqut-ace as tbl entris:512 (orde0,40 bte)
[ 11.536997] squashfs: version 4.0 (2009/01/31) Phillip Lougher

[   1.602276] fuse init (API version 7.23)
[   11.636573] Key type big_key registered
[   11.637853] Allocating IMA MOK and blacklst keyrings.

[   11.671968] Key type asymmetric registered
[   11.673877] Asymmetric key parser 'x509' registered
[   11.676566] Block layer SCSI generic (bsg) driver version 0.4 loaded (major 249)
[   11.680099] io scheduler noop registered
[   11.686323] io scheduler deadline registered (default)
[   11.694391] io scheduler cfq registered
[   11.725960] pci_hotplug: PCI Hot Plug PCI Core version: 0.5
[   11.739582] pciehp: PCI Express Hot Plug Controller Driver version: 0.4
[   11.742284] ACPI: AC Adapter [AC] (on-line)
[   11.747687] input: Power Button as /devices/LNXSYSTM:00/LNXPWRBN:00/input/input0
[   11.784122] tsc: Refined TSC clocksource calibration: 1899.981 MHz
[   11.785866] clocksource: tsc: mask: 0xffffffffffffffff max_cycles: 0x36c633d1424, max_idle_ns: 881590448719 ns
[   11.785903] ACPI: Power Button [PWRF]
[   11.786046] input: Sleep Button as /deices/LNXSYSTM:00/LNXSLPBN:00/input/input1

[   1.786048] ACPI: Sleep utton [SLPF]

[   11.793133] GHES: HEST is not enabled!
[   11.794721] ACPI: Battery Slot [BAT0] (battery present)
[   11.801402] Serial: 8250/16550 driver, 32 ports, IRQ sharing enabled
[   11.865079] 00:02: ttyS0 at I/O 0x3f8 (irq = 4, base_baud = 115200) is a 16550A
[   11.936562] Linux agpgart interface v0.103
[   11.941474] brd: module loaded
[   11.942868] loop: module loaded
[   11.943783] scsi host0: ata_piix
[   11.943870] scsi host1: ata_piix
[   11.943922] ata1: PATA max UDMA/33 cmd 0x1f0 ctl 0x3f6 bmdma 0xd000 irq 14
[   11.943923] ata2: PATA max UDMA/33 cmd 0x170 ctl 0x376 bmdma 0xd008 irq 15
[   11.944039] libphy: Fixed MDIO Bus: probed
[   11.944043] tun: Universal TUN/TAP device driver, 1.6
[   11.944044] tun: (C) 1999-2004 Max Krasnyansky <maxk@qualcomm.com>
[   11.944514] PPP generic driver version 2.4.2
[   11.944605] ehci_hcd: USB 2.0 'Enhanced' Host Controller (EHCI) Driver
[   11.944611] ehci-pci: EHCI PCI platform driver
[   11.944634] ehci-platform: EHCI generic platform driver
[   11.944647] ohci_hcd: USB 1.1 'Open' Host Controller (OHCI) Driver
[   11.944652] ohci-pci: OHCI PCI platform driver
[   11.944666] ohci-platform: OHCI generic platform driver
[   11.944677] uhci_hcd: USB Universal Host Controller Interface driver
[   11.944768] i8042: PNP: PS/2 Controller [PNP0303:PS2K,PNP0f03:PS2M] at 0x60,0x64 irq 1,12
[   11.945846] serio: i8042 KBD port at 0x60,0x64 irq 1
[   11.945852] serio: i8042 AUX port at 0x60,0x64 irq 12
[   11.946038] mousedev: PS/2 mouse device common for all mice
[   11.946512] rtc_cmos rtc_cmos: rtc core: registered rtc_cmos as rtc0
[   11.946607] rtc_cmos rtc_cmos: alarms up to one day, 114 bytes nvram
[   11.946616] i2c /dev entries driver
[   11.946726] device-mapper: uevent: version 1.0.3
[   11.946832] device-mapper: ioctl: 4.34.0-ioctl (2015-10-28) initialised: dm-devel@redhat.com
[   11.946853] ledtrig-cpu: registered to indicate activity on CPUs
[   11.947274] NET: Registered protocol family 10
[   11.947496] NET: Registered protocol family 17
[   11.947509] Key type dns_resolver registered
[   11.948050] microcode: CPU0 sig=0x40651, pf=0x40, revision=0x0
[   11.948061] microcode: CPU1 sig=0x40651, pf=0x40, revision=0x0
[   11.948158] microcode: Microcode Update Driver: v2.01 <tigran@aivazian.fsnet.co.uk>, Peter Oruba
[   11.948342] registered taskstats version 1
[   11.948367] Loading compiled-in X.509 certificates
[   11.949511] Loaded X.509 cert 'Build time autogenerated kernel key: 6ffa6bfaa152a74cd2b6aa1e188cb999d8f5632b'
[   11.949537] zswap: loaded using pool lzo/zbud
[   11.951513] Key type trusted registered
[   11.955915] Key type encrypted registered
[   11.955926] AppArmor: AppArmor sha1 policy hashing enabled
[   11.955930] ima: No TPM chip found, activating TPM-bypass!
[   11.955960] evm: HMAC attrs: 0x1
[   11.956455]   Magic number: 1:317:422
[   11.979452] rtc_cmos rtc_cmos: setting system clock to 2017-01-15 08:25:52 UTC (1484468752)
[   11.979753] BIOS EDD facility v0.16 2004-Jun-25, 0 devices found
[   11.979753] EDD information not available.
[   12.043330] input: AT Translated Set 2 keyboard as /devices/platform/i8042/serio0/input/input2
[   12.843628] Freeing unused kernel memory: 1488K (ffffffff81f44000 - ffffffff820b8000)
[   12.903845] Write protecting the kernel read-only data: 14336k
[   12.938630] Freeing unused kernel memory: 1792K (ffff880001840000 - ffff880001a00000)
[   12.945584] Freeing unused kernel memory: 136K (ffff880001dde000 - ffff880001e00000)
Loading, please [   12.985417] random: systemd-udevd: uninitialized urandom read (16 bytes read, 4 bits of entropy available)
wait...
startin[   12.986139] random: udevadm: uninitialized urandom read (16 bytes read, 4 bits of entropy available)
g version 229
[   12.986181] random: udevadm: uninitialized urandom read (16 bytes read, 4 bits of entropy available)
[   12.986311] random: udevadm: uninitialized urandom read (16 bytes read, 4 bits of entropy available)
[   12.986356] random: udevadm: uninitialized urandom read (16 bytes read, 4 bits of entropy available)
[   12.986399] random: udevadm: uninitialized urandom read (16 bytes read, 4 bits of entropy available)
[   12.986446] random: udevadm: uninitialized urandom read (16 bytes read, 4 bits of entropy available)
[   12.986486] random: udevadm: uninitialized urandom read (16 bytes read, 4 bits of entropy available)
[   12.986526] random: udevadm: uninitialized urandom read (16 bytes read, 4 bits of entropy available)
[   12.986566] random: udevadm: uninitialized urandom read (16 bytes read, 4 bits of entropy available)
[   13.159787] e1000: Intel(R) PRO/1000 Network Driver - version 7.3.21-k8-NAPI
[   13.188111] e1000: Copyright (c) 1999-2006 Intel Corporation.
[   13.234750] AVX version of gcm_enc/dec engaged.
[   13.250293] AES CTR mode by8 optimization enabled
[   13.278035] Fusion MPT base driver 3.04.20
[   13.282073] Copyright (c) 1999-2008 LSI Corporation
[   13.301841] Fusion MPT SPI Host driver 3.04.20
[   13.418981] input: ImExPS/2 Generic Explorer Mouse as /devices/platform/i8042/serio1/input/input4
[   13.723497] e1000 0000:00:03.0 eth0: (PCI:33MHz:32-bit) 02:51:40:82:8e:e9
[   13.742957] e1000 0000:00:03.0 eth0: Intel(R) PRO/1000 Network Connection
[   14.187304] e1000 0000:00:08.0 eth1: (PCI:33MHz:32-bit) 08:00:27:d5:5d:f0
[   14.192477] e1000 0000:00:08.0 eth1: Intel(R) PRO/1000 Network Connection
[   14.199525] e1000 0000:00:03.0 enp0s3: renamed from eth0
[   14.219584] mptbase: ioc0: Initiating bringup
[   14.289725] e1000 0000:00:08.0 enp0s8: renamed from eth1
[   14.357960] ioc0: LSI53C1030 A0: Capabilities={Initiator}
[   15.639429] scsi host2: ioc0: LSI53C1030 A0, FwRev=00000000h, Ports=1, MaxQ=256, IRQ=20
[   16.158451] scsi 2:0:0:0: Direct-Access     VBOX     HARDDISK         1.0  PQ: 0 ANSI: 5
[   16.194130] floppy0: no floppy controllers found
[   16.194218] work still pending
[   16.268913] scsi target2:0:0: Beginning Domain Validation
[   16.306984] scsi target2:0:0: Domain Validation skipping write tests
[   16.318732] scsi target2:0:0: Ending Domain Validation
[   16.322889] scsi target2:0:0: asynchronous
[   16.329587] scsi 2:0:1:0: Direct-Access     VBOX     HARDDISK         1.0  PQ: 0 ANSI: 5
[   16.350689] scsi target2:0:1: Beginning Domain Validation
[   16.354390] scsi target2:0:1: Domain Validation skipping write tests
[   16.388754] scsi target2:0:1: Ending Domain Validation
[   16.390644] scsi target2:0:1: asynchronous
[   16.410944] sd 2:0:0:0: [sda] 20971520 512-byte logical blocks: (10.7 GB/10.0 GiB)
[   16.411044] sd 2:0:0:0: Attached scsi generic sg0 type 0
[   16.411889] sd 2:0:1:0: Attached scsi generic sg1 type 0
[   16.412276] sd 2:0:1:0: [sdb] 20480 512-byte logical blocks: (10.5 MB/10.0 MiB)
[   16.412572] sd 2:0:1:0: [sdb] Write Protect is off
[   16.412724] sd 2:0:1:0: [sdb] Incomplete mode parameter data
[   16.412726] sd 2:0:1:0: [sdb] Assuming drive cache: write through
[   16.416006] sd 2:0:1:0: [sdb] Attached SCSI disk
[   16.480043] sd 2:0:0:0: [sda] Write Protect is off
[   16.481686] sd 2:0:0:0: [sda] Incomplete mode parameter data
[   16.483306] sd 2:0:0:0: [sda] Assuming drive cache: write through
[   16.486627]  sda: sda1
[   16.506693] sd 2:0:0:0: [sda] Attached SCSI disk
Begin: Loading e[   18.031396] md: linear personality registered for level -1
ssential drivers ... [   18.038030] md: multipath personality registered for level -4
[   18.096097] md: raid0 personality registered for level 0
[   18.145926] md: raid1 personality registered for level 1
[   18.246124] raid6: sse2x1   gen()  6466 MB/s
[   18.353095] raid6: sse2x1   xor()  4992 MB/s
[   18.436895] raid6: sse2x2   gen()  8758 MB/s
[   18.564938] raid6: sse2x2   xor()  4819 MB/s
[   18.696878] raid6: sse2x4   gen()  9141 MB/s
[   18.808960] raid6: sse2x4   xor()  6158 MB/s
[   18.847078] raid6: using algorithm sse2x4 gen() 9141 MB/s
[   18.886978] raid6: .... xor() 6158 MB/s, rmw enabled
[   18.888463] raid6: using ssse3x2 recovery algorithm
[   18.892151] xor: automatically using best checksumming function:
[   18.960941]    avx       : 13668.000 MB/sec
[   18.981613] async_tx: api initialized (async)
[   19.033964] md: raid6 personality registered for level 6
[   19.050017] md: raid5 personality registered for level 5
[   19.053266] md: raid4 personality registered for level 4
[   19.077022] md: raid10 personality registered for level 10
done.
Begin: Running /scripts/init-premount ... done.
Begin: Mounting root file system ... Begin: Run[   19.134434] Btrfs loaded
ning /scripts/local-top ... done.
Begin: Running /scripts/local-premount ... Scanning for Btrfs filesystems
done.
Warning: fsck no[   19.215773] EXT4-fs (sda1): INFO: recovery required on readonly filesystem
t present, so sk[   19.259429] EXT4-fs (sda1): write access will be enabled during recovery
ipping root file system
[   19.313936] EXT4-fs (sda1): recovery complete
[   20.573063] EXT4-fs (sda1): mounted filesystem with ordered data mode. Opts: (null)
done.
Begin: Running /scripts/local-bottom ... done.
Begin: Running /scripts/init-bottom ... done.
[   21.734245] systemd[1]: systemd 229 running in system mode. (+PAM +AUDIT +SELINUX +IMA +APPARMOR +SMACK +SYSVINIT +UTMP +LIBCRYPTSETUP +GCRYPT +GNUTLS +ACL +XZ -LZ4 +SECCOMP +BLKID +ELFUTILS +KMOD -IDN)
[   21.760831] systemd[1]: Detected virtualization oracle.
[   21.788441] systemd[1]: Detected architecture x86-64.

Welcome to [1mUbuntu 16.04.1 LTS[0m!

[   21.846051] systemd[1]: Set hostname to <demo2>.
[   22.051665] systemd[1]: Configuration file /lib/systemd/system/kubelet.service is marked world-inaccessible. This has no effect as configuration data is accessible via APIs without restrictions. Proceeding anyway.
[   22.153468] systemd[1]: Configuration file /etc/systemd/system/kubelet.service.d/10-kubeadm.conf is marked world-inaccessible. This has no effect as configuration data is accessible via APIs without restrictions. Proceeding anyway.
[   22.225588] systemd[1]: Listening on /dev/initctl Compatibility Named Pipe.
[[0;32m  OK  [0m] Listening on /dev/initctl Compatibility Named Pipe.
[   22.252048] systemd[1]: Listening on Journal Audit Socket.
[[0;32m  OK  [0m] Listening on Journal Audit Socket.
[   22.285699] systemd[1]: Listening on LVM2 metadata daemon socket.
[[0;32m  OK  [0m] Listening on LVM2 metadata daemon socket.
[   22.321824] systemd[1]: Created slice System Slice.
[[0;32m  OK  [0m] Created slice System Slice.
[   22.366041] systemd[1]: Created slice system-serial\x2dgetty.slice.
[[0;32m  OK  [0m] Created slice system-serial\x2dgetty.slice.
[   22.386539] systemd[1]: Started Forward Password Requests to Wall Directory Watch.
[[0;32m  OK  [0m] Started Forward Password Requests to Wall Directory Watch.
[   22.429415] systemd[1]: Reached target User and Group Name Lookups.
[[0;32m  OK  [0m] Reached target User and Group Name Lookups.
[   22.452160] systemd[1]: Set up automount Arbitrary Executable File Formats File System Automount Point.
[[0;32m  OK  [0m] Set up automount Arbitrary Executab...ats File System Automount Point.
[   22.543239] systemd[1]: Listening on Syslog Socket.
[[0;32m  OK  [0m] Listening on Syslog Socket.
[   22.580571] systemd[1]: Listening on udev Kernel Socket.
[[0;32m  OK  [0m] Listening on udev Kernel Socket.
[   22.601455] systemd[1]: Created slice User and Session Slice.
[[0;32m  OK  [0m] Created slice User and Session Slice.
[   22.629170] systemd[1]: Reached target Slices.
[[0;32m  OK  [0m] Reached target Slices.
[   22.643959] systemd[1]: Reached target Swap.
[[0;32m  OK  [0m] Reached target Swap.
[   22.654584] systemd[1]: Listening on Device-mapper event daemon FIFOs.
[[0;32m  OK  [0m] Listening on Device-mapper event daemon FIFOs.
[   22.697151] systemd[1]: Reached target Encrypted Volumes.
[[0;32m  OK  [0m] Reached target Encrypted Volumes.
[   22.721327] systemd[1]: Listening on udev Control Socket.
[[0;32m  OK  [0m] Listening on udev Control Socket.
[   22.761440] systemd[1]: Listening on Journal Socket.
[[0;32m  OK  [0m] Listening on Journal Socket.
[   22.854331] systemd[1]: Starting Uncomplicated firewall...
         Starting Uncomplicated firewall...
[   22.957731] systemd[1]: Mounting Debug File System...
         Mounting Debug File System...
[   22.996163] systemd[1]: Starting Monitoring of LVM2 mirrors, snapshots etc. using dmeventd or progress polling...
         Starting Monitoring of LVM2 mirrors... dmeventd or progress polling...
[   23.068263] random: nonblocking pool is initialized
[   23.085526] systemd[1]: Starting Remount Root and Kernel File Systems...
[   23.090764] EXT4-fs (sda1): re-mounted. Opts: (null)
         Starting Remount Root and Kernel File Systems...
[   23.249022] systemd[1]: Mounting Huge Pages File System...
         Mounting Huge Pages File System...
[   23.333574] systemd[1]: Starting Load Kernel Modules...
[   23.350647] Loading iSCSI trnsort class v2.0-870.

         Starting Load Kernel Mo[   23.427466] iscsi: registered transport (tcp)
dules...
[   23.463414] systemd[1]: Starting Set console keymap...
         Starting Set console keymap...
[   23.625101] systemd[1]: Mounting POSIX Message Queue File System...
         Mounting POSIX Message Queue File System...
[   23.641384] systemd[1]: Listening on LVM2 poll daemon socket.
[[0;32m  OK  [[   23.653791] iscsi: registered transport (iser)
0m] Listening on LVM2 poll daemon socket.
[   23.713571] systemd[1]: Starting Nameserver information manager...
         Starting Nameserver information manager...
[   23.773214] systemd[1]: Listening on Journal Socket (/dev/log).
[[0;32m  OK  [0m] Listening on Journal Socket (/dev/log).
[   23.829503] systemd[1]: Starting Journal Service...
         Starting Journal Service...
[   23.851064] systemd[1]: Starting Create list of required static device nodes for the current kernel...
         Starting Create list of required st... nodes for the current kernel...
[   23.926152] systemd[1]: Mounted POSIX Message Queue File System.
[[0;32m  OK  [0m] Mounted POSIX Message Queue File System.
[   23.978268] systemd[1]: Mounted Debug File System.
[[0;32m  OK  [0m] Mounted Debug File System.
[   24.010179] systemd[1]: Mounted Huge Pages File System.
[[0;32m  OK  [0m] Mounted Huge Pages File System.
[   24.085718] systemd[1]: Started Journal Service.
[[0;32m  OK  [0m] Started Journal Service.
[[0;32m  OK  [0m] Started Uncomplicated firewall.
[[0;32m  OK  [0m] Started Remount Root and Kernel File Systems.
[[0;32m  OK  [0m] Started Load Kernel Modules.
[[0;32m  OK  [0m] Started Create list of required sta...ce nodes for the current kernel.
[[0;32m  OK  [0m] Started Nameserver information manager.
[[0;32m  OK  [0m] Started LVM2 metadata daemon.
         Starting Create Static Device Nodes in /dev...
         Mounting FUSE Control File System...
         Starting Apply Kernel Variables...
         Starting Initial cloud-init job (pre-networking)...
         Starting udev Coldplug all Devices...
         Starting Load/Save Random Seed...
         Starting Flush Journal to Persistent Storage...
[[0;32m  OK  [0m] Mounted FUSE Control File System.
[[0;32m  OK  [0m] Started Create Static Device Nodes in /dev.
[[0;32m  OK  [0m] Started Apply Kernel Variables.
[[0;32m  OK  [0m] Started Load/Save Random Seed.
[[0;32m  OK  [0m] Started udev Coldplug all Devices.
[[0;32m  OK  [0m] Started Flush Journal to Persistent Storage.
         Starting udev Kernel Device Manager...
[[0;32m  OK  [0m] Started udev Kernel Device Manager.
[[0;32m  OK  [0m] Started Monitoring of LVM2 mirrors,...ng dmeventd or progress polling.
[[0;32m  OK  [0m] Found device /dev/ttyS0.
[[0;32m  OK  [0m] Found device 82540EM Gigabit Ethern...r (PRO/1000 MT Desktop Adapter).
[[0;32m  OK  [0m] Found device 82540EM Gigabit Ethern...r (PRO/1000 MT Desktop Adapter).
[[0;32m  OK  [0m] Listening on Load/Save RF Kill Switch Status /dev/rfkill Watch.
[   21.398606] cloud-init[478]: Cloud-init v. 0.7.8 running 'init-local' at Sun, 15 Jan 2017 08:26:07 +0000. Up 20.80 seconds.
[[0;32m  OK  [0m] Started Initial cloud-init job (pre-networking).
[[0;32m  OK  [0m] Reached target Network (Pre).
[[0m[0;31m*     [0m] A start job is running for Set console keymap (10s / no limit)[K[[0;1;31m*[0m[0;31m*    [0m] A start job is running for Set console keymap (11s / no limit)[K[[0;31m*[0;1;31m*[0m[0;31m*   [0m] A start job is running for Set console keymap (12s / no limit)[K[ [0;31m*[0;1;31m*[0m[0;31m*  [0m] A start job is running for Set console keymap (12s / no limit)[K[  [0;31m*[0;1;31m*[0m[0;31m* [0m] A start job is running for Set console keymap (13s / no limit)[K[   [0;31m*[0;1;31m*[0m[0;31m*[0m] A start job is running for Set console keymap (14s / no limit)[K[    [0;31m*[0;1;31m*[0m] A start job is running for Set console keymap (14s / no limit)[K[     [0;31m*[0m] A start job is running for Set console keymap (15s / no limit)[K[    [0;31m*[0;1;31m*[0m] A start job is running for Set console keymap (16s / no limit)[K[   [0;31m*[0;1;31m*[0m[0;31m*[0m] A start job is running for Set console keymap (17s / no limit)[K[  [0;31m*[0;1;31m*[0m[0;31m* [0m] A start job is running for Set console keymap (18s / no limit)[K[ [0;31m*[0;1;31m*[0m[0;31m*  [0m] A start job is running for Set console keymap (18s / no limit)[K[[0;31m*[0;1;31m*[0m[0;31m*   [0m] A start job is running for Set console keymap (19s / no limit)[K[[0;1;31m*[0m[0;31m*    [0m] A start job is running for Set console keymap (20s / no limit)[K[[0m[0;31m*     [0m] A start job is running for Set console keymap (20s / no limit)[K[[0;1;31m*[0m[0;31m*    [0m] A start job is running for Set console keymap (21s / no limit)[K[[0;31m*[0;1;31m*[0m[0;31m*   [0m] A start job is running for Set console keymap (22s / no limit)[K[ [0;31m*[0;1;31m*[0m[0;31m*  [0m] A start job is running for Set console keymap (22s / no limit)[K[  [0;31m*[0;1;31m*[0m[0;31m* [0m] A start job is running for Set console keymap (23s / no limit)[K[   [0;31m*[0;1;31m*[0m[0;31m*[0m] A start job is running for Set console keymap (24s / no limit)[K[    [0;31m*[0;1;31m*[0m] A start job is running for Set console keymap (25s / no limit)[K[     [0;31m*[0m] A start job is running for Set console keymap (25s / no limit)[K[    [0;31m*[0;1;31m*[0m] A start job is running for Set console keymap (26s / no limit)[K[   [0;31m*[0;1;31m*[0m[0;31m*[0m] A start job is running for Set console keymap (27s / no limit)[K[  [0;31m*[0;1;31m*[0m[0;31m* [0m] A start job is running for Set console keymap (28s / no limit)[K[ [0;31m*[0;1;31m*[0m[0;31m*  [0m] A start job is running for Set console keymap (28s / no limit)[K[[0;31m*[0;1;31m*[0m[0;31m*   [0m] A start job is running for Set console keymap (29s / no limit)[K[[0;1;31m*[0m[0;31m*    [0m] A start job is running for Set console keymap (30s / no limit)[K[[0m[0;31m*     [0m] A start job is running for Set console keymap (31s / no limit)[K[[0;1;31m*[0m[0;31m*    [0m] A start job is running for Set console keymap (31s / no limit)[K[[0;31m*[0;1;31m*[0m[0;31m*   [0m] A start job is running for Set console keymap (32s / no limit)[K[[0;32m  OK  [0m] Started Set console keymap.
[[0;32m  OK  [0m] Started Dispatch Password Requests to Console Directory Watch.
[[0;32m  OK  [0m] Reached target Local File Systems (Pre).
[[0;32m  OK  [0m] Reached target Local File Systems.
         Starting Tell Plymouth To Write Out Runtime Data...
         Starting LSB: ebtables ruleset management...
         Starting Create Volatile Files and Directories...
         Starting Set console font and keymap...
         Starting LSB: AppArmor initialization...
[[0;32m  OK  [0m] Started Tell Plymouth To Write Out Runtime Data.
[[0;32m  OK  [0m] Started Create Volatile Files and Directories.
[[0;32m  OK  [0m] Reached target System Time Synchronized.
         Starting Update UTMP about System Boot/Shutdown...
[[0;32m  OK  [0m] Started LSB: ebtables ruleset management.
[[0;32m  OK  [0m] Started LSB: AppArmor initialization.
[[0;32m  OK  [0m] Started Update UTMP about System Boot/Shutdown.
[[0;32m  OK  [0m] Started Set console font and keymap.
[[0;32m  OK  [0m] Created slice system-getty.slice.
[[0;32m  OK  [0m] Started ifup for enp0s8.
         Starting Raise network interfaces...
[[0;32m  OK  [0m] Started ifup for enp0s3.
[[0;32m  OK  [0m] Started Raise network interfaces.
         Starting Initial cloud-init job (metadata service crawler)...
[[0;32m  OK  [0m] Reached target Network.
[   52.346823] cloud-init[1293]: Cloud-init v. 0.7.8 running 'init' at Sun, 15 Jan 2017 08:26:38 +0000. Up 51.90 seconds.
[   52.426216] cloud-init[1293]: ci-info: ++++++++++++++++++++++++++++++++++++++Net device info++++++++++++++++++++++++++++++++++++++
[[0;32m  OK  [0m] Started Initial cloud-init job (metadata service crawler).
[[0;32m  OK  [0m] Reached target Network is Online.
[   52.483636] cloud-init[1293]: ci-info: +--------+------+-----------------------------+---------------+-------+-------------------+
[   52.725327]          cloud-initStarting iSCSI initiator daemon (iscsid)...[1293]: 
ci-info: | Device |  Up  |           Address           |      Mask     | Scope |     Hw-Address    |
[   52.885458] [cloud-init[0;32m  OK  [0m[1293]: ] ci-info: +--------+------+-----------------------------+---------------+-------+-------------------+Reached target Cloud-config availability.

[[0;32m  OK  [0m] Reached target System Initialization.
[[0;32m  OK  [0m] Listening on ACPID Listen Socket.
[   52.886876] cloud-init[1293]: ci-info: |   lo   | True |          127.0.0.1          |   255.0.0.0   |   .   |         .         |
[   53.224846] cloud-init[1293]: ci-info: |   lo   | True |           ::1/128           |       .       |  host |         .         |
         Starting Docker Socket for the API.
[   53.226127] cloud-init[1293]: ci-info: | enp0s3 | True |          10.0.2.15          | 255.255.255.0 |   .   | 02:51:40:82:8e:e9 |
[[0;32m  OK  [0m] Started ACPI Events Check.
[[0;32m  OK  [0m] Started Daily Cleanup of Temporary Directories.
[   53.439660] cloud-init[1293]: ci-info: | enp0s3 | True |  fe80::51:40ff:fe82:8ee9/64 |       .       |  link | 02:51:40:82:8e:e9 |
         Starting Socket activation for snappy daemon.
[   53.579743]          cloud-initStarting LXD - unix socket.[1293]: 
ci-info: | enp0s8 | True |        192.168.33.12        | 255.255.255.0 |   .   | 08:00:27:d5:5d:f0 |
[   53.753275] [cloud-init[0;32m  OK  [0m[1293]: ] ci-info: | enp0s8 | True | fe80::a00:27ff:fed5:5df0/64 |       .       |  link | 08:00:27:d5:5d:f0 |Started Daily apt activities.

[   53.917118] [cloud-init[0;32m  OK  [0m[1293]: ] ci-info: +--------+------+-----------------------------+---------------+-------+-------------------+Started Trigger resolvconf update for networkd DNS.

[   53.918555] [cloud-init[0;32m  OK  [0m[1293]: ] ci-info: ++++++++++++++++++++++++++++Route IPv4 info++++++++++++++++++++++++++++Reached target Paths.

[   54.152985] [cloud-init[0;32m  OK  [0m[1293]: ] ci-info: +-------+--------------+----------+---------------+-----------+-------+Started Timer to automatically refresh installed snaps.

[[0;32m  OK  [0m] Reached target Timers.
[[0;32m  OK  [0m] Listening on D-Bus System Message Bus Socket.
[   54.154044] cloud-init[1293]: ci-info: | Route | Destination  | Gateway  |    Genmask    | Interface | Flags |
[   54.329844] [cloud-init[0;32m  OK  [0m[1293]: ] ci-info: +-------+--------------+----------+---------------+-----------+-------+Listening on UUID daemon activation socket.

[   54.330680] cloud-init[1293]: ci-info: |   0   |   0.0.0.0    | 10.0.2.2 |    0.0.0.0    |   enp0s3  |   UG  |
[[0;32m  OK  [0m] Listening on Docker Socket for the API.
[   54.475129] cloud-init[1293]: ci-info: |   1   |   10.0.2.0   | 0.0.0.0  | 255.255.255.0 |   enp0s3  |   U   |
[[0;32m  OK  [0m] Listening on Socket activation for snappy daemon.
[[0;32m  OK  [0m] Listening on LXD - unix socket.
[   54.476467] cloud-init[1293]: ci-info: |   2   | 192.168.33.0 | 0.0.0.0  | 255.255.255.0 |   enp0s8  |   U   |
[[0;32m  OK  [0m] Started iSCSI initiator daemon (iscsid).
[   54.659386] cloud-init[1293]: ci-info: +-------+--------------+----------+---------------+-----------+-------+
         Starting Login to default iSCSI targets...
[[0;32m  OK  [0m] Reached target Sockets.
[[0;32m  OK  [0m] Reached target Basic System.
         Starting Accounts Service...
         Starting LXD - container startup/shutdown...
         Starting System Logging Service...
         Starting /etc/rc.local Compatibility...
         Starting LSB: Record successful boot for GRUB...
[[0;32m  OK  [0m] Started kubelet: The Kubernetes Node Agent.
[[0;32m  OK  [0m] Started Deferred execution scheduler.
         Starting Apply the settings specified in cloud-config...
         Starting OpenBSD Secure Shell server...
[[0;32m  OK  [0m] Started ACPI event daemon.
[[0;32m  OK  [0m] Started D-Bus System Message Bus.
         Starting Ubuntu FAN network setup...
         Starting Login Service...
[[0;32m  OK  [0m] Started FUSE filesystem for LXC.
[[0;32m  OK  [0m] Started Snappy daemon.
         Starting Auto import assertions from block devices...
[[0;32m  OK  [0m] Started Regular background program processing daemon.
         Starting LSB: MD monitoring daemon...
         Starting Docker Application Container Engine...
[[0;32m  OK  [0m] Started System Logging Service.
[[0;32m  OK  [0m] Started OpenBSD Secure Shell server.
[[0;32m  OK  [0m] Started LXD - container startup/shutdown.
[[0;32m  OK  [0m] Started /etc/rc.local Compatibility.
[[0;32m  OK  [0m] Started Ubuntu FAN network setup.
[[0;32m  OK  [0m] Started Auto import assertions from block devices.
[[0;32m  OK  [0m] Started LSB: Record successful boot for GRUB.
[[0;32m  OK  [0m] Started Login to default iSCSI targets.
[[0;32m  OK  [0m] Started LSB: MD monitoring daemon.
[[0;32m  OK  [0m] Started Login Service.
         Starting Authenticate and Authorize Users to Run Privileged Tasks...
[[0;32m  OK  [0m] Reached target Remote File Systems (Pre).
[[0;32m  OK  [0m] Reached target Remote File Systems.
[   56.086605] cloud-init[1378]: Cloud-init v. 0.7.8 running 'modules:config' at Sun, 15 Jan 2017 08:26:42 +0000. Up 55.86 seconds.
         Starting LSB: daemon to balance interrupts for SMP systems...
         Starting LSB: automatic crash report generation...
         Starting LSB: Set up cgroupfs mounts....
         Starting LSB: Set the CPU Frequency Scaling governor to "ondemand"...
         Starting Permit User Sessions...
         Starting LSB: VirtualBox Linux Additions...
[[0;32m  OK  [0m] Started Apply the settings specified in cloud-config.
[[0;32m  OK  [0m] Started LSB: Set up cgroupfs mounts..
[[0;32m  OK  [0m] Started Permit User Sessions.
[[0;32m  OK  [0m] Started Authenticate and Authorize Users to Run Privileged Tasks.
[[0;32m  OK  [0m] Started Accounts Service.
[[0;32m  OK  [0m] Started LSB: daemon to balance interrupts for SMP systems.
[[0;32m  OK  [0m] Started LSB: automatic crash report generation.
[[0;32m  OK  [0m] Started LSB: Set the CPU Frequency Scaling governor to "ondemand".
         Starting Hold until boot process finishes up...
         Starting Terminate Plymouth Boot Screen...
[[0;32m  OK  [0m] Started LSB: VirtualBox Linux Additions.
[[0;32m  OK  [0m] Started Hold until boot process finishes up.
[[0;32m  OK  [0m] Started Terminate Plymouth Boot Screen.
[[0;32m  OK  [0m] Started Getty on tty1.
[[0;32m  OK  [0m] Started Serial Getty on ttyS0.
[[0;32m  OK  [0m] Reached target Login Prompts.
         Starting Set console scheme...
[[0;32m  OK  [0m] Started Set console scheme.
[[0;32m  OK  [0m] Started Docker Application Container Engine.
[[0;32m  OK  [0m] Reached target Multi-User System.
         Starting Execute cloud user/final scripts...
[[0;32m  OK  [0m] Reached target Graphical Interface.
         Starting Update UTMP about System Runlevel Changes...
[[0;32m  OK  [0m] Started Update UTMP about System Runlevel Changes.
[   57.931968] cloud-init[1705]: Cloud-init v. 0.7.8 running 'modules:final' at Sun, 15 Jan 2017 08:26:44 +0000. Up 57.79 seconds.
[   57.974846] cloud-init[1705]: Cloud-init v. 0.7.8 finished at Sun, 15 Jan 2017 08:26:44 +0000. Datasource DataSourceNoCloud [seed=/dev/sdb][dsmode=net].  Up 57.92 seconds
[[0;32m  OK  [0m] Started Execute cloud user/final scripts.
[[0;32m  OK  [0m] Reached target Cloud-init target.

Ubuntu 16.04.1 LTS demo2 ttyS0

demo2 login: 